
> beanhealth-backend@1.0.0 build
> vite build

vite v7.3.0 building client environment for production...
transforming...

warn - The class `ease-[cubic-bezier(0.19,1,0.22,1)]` is ambiguous and matches multiple utilities.
warn - If this is content and not a class, replace it with `ease-&lsqb;cubic-bezier(0.19,1,0.22,1)&rsqb;` to silence this warning.

warn - The class `ease-[cubic-bezier(0.25,1,0.5,1)]` is ambiguous and matches multiple utilities.
warn - If this is content and not a class, replace it with `ease-&lsqb;cubic-bezier(0.25,1,0.5,1)&rsqb;` to silence this warning.

warn - The class `ease-[cubic-bezier(0.4,0,0.2,1)]` is ambiguous and matches multiple utilities.
warn - If this is content and not a class, replace it with `ease-&lsqb;cubic-bezier(0.4,0,0.2,1)&rsqb;` to silence this warning.

warn - The class `ease-[cubic-bezier(0.19,1,0.22,1)]` is ambiguous and matches multiple utilities.
warn - If this is content and not a class, replace it with `ease-&lsqb;cubic-bezier(0.19,1,0.22,1)&rsqb;` to silence this warning.

warn - The class `ease-[cubic-bezier(0.25,1,0.5,1)]` is ambiguous and matches multiple utilities.
warn - If this is content and not a class, replace it with `ease-&lsqb;cubic-bezier(0.25,1,0.5,1)&rsqb;` to silence this warning.

warn - The class `ease-[cubic-bezier(0.4,0,0.2,1)]` is ambiguous and matches multiple utilities.
warn - If this is content and not a class, replace it with `ease-&lsqb;cubic-bezier(0.4,0,0.2,1)&rsqb;` to silence this warning.
✓ 175 modules transformed.
✗ Build failed in 3.18s
error during build:
[vite-plugin-pwa:build] [plugin vite-plugin-pwa:build] src/components/landing/components/Hero.tsx (137:10): There was an error during the build:
  Transform failed with 1 error:
/Users/jnanismart/Downloads/BeanHealth-main/src/components/landing/components/Hero.tsx:137:10: ERROR: Unexpected closing "div" tag does not match opening "section" tag
Additionally, handling the error in the 'buildEnd' hook caused the following error:
  Transform failed with 1 error:
/Users/jnanismart/Downloads/BeanHealth-main/src/components/landing/components/Hero.tsx:137:10: ERROR: Unexpected closing "div" tag does not match opening "section" tag
file: /Users/jnanismart/Downloads/BeanHealth-main/src/components/landing/components/Hero.tsx:137:10

Unexpected closing "div" tag does not match opening "section" tag
135 |                  </div>
136 |              </div>
137 |          </div>
    |            ^
138 |      );
139 |  };

    at getRollupError (file:///Users/jnanismart/Downloads/BeanHealth-main/node_modules/rollup/dist/es/shared/parseAst.js:401:41)
    at file:///Users/jnanismart/Downloads/BeanHealth-main/node_modules/rollup/dist/es/shared/node-entry.js:23418:39
    at process.processTicksAndRejections (node:internal/process/task_queues:105:5)
    at async catchUnfinishedHookActions (file:///Users/jnanismart/Downloads/BeanHealth-main/node_modules/rollup/dist/es/shared/node-entry.js:22876:16)
    at async rollupInternal (file:///Users/jnanismart/Downloads/BeanHealth-main/node_modules/rollup/dist/es/shared/node-entry.js:23401:5)
    at async buildEnvironment (file:///Users/jnanismart/Downloads/BeanHealth-main/node_modules/vite/dist/node/chunks/config.js:33540:12)
    at async Object.build (file:///Users/jnanismart/Downloads/BeanHealth-main/node_modules/vite/dist/node/chunks/config.js:33899:19)
    at async Object.buildApp (file:///Users/jnanismart/Downloads/BeanHealth-main/node_modules/vite/dist/node/chunks/config.js:33896:153)
    at async CAC.<anonymous> (file:///Users/jnanismart/Downloads/BeanHealth-main/node_modules/vite/dist/node/cli.js:629:3)
